// Jest Snapshot v1, https://goo.gl/fbAQLP

exports[`Converts function marked as flow 1`] = `
"import '@crayonzx/mobx-utils';
import { flow } from 'mobx';
declare let randomDecorator: any;
export const fn = (input) => { return flow(function* fn() {
    return yield Promise.resolve(input);
}).call(this); };
export const fn2 = function test(input) { return flow(function* test() {
    return yield Promise.resolve(input);
}).call(this); };
export const fn3 = function (input) { return flow(function* fn3() {
    return yield Promise.resolve(input);
}).call(this); };
export const fn4 = flow(function* (input) {
    return yield Promise.resolve(input);
});
export const fn5 = flow(function* test(input) {
    yield (input) => { return flow(function* () {
        return yield Promise.resolve(input);
    }).call(this); };
    return yield Promise.resolve(input);
});
export class Test {
    test: number = 0;
    constructor() {
        var nestedFlow = () => { return flow(function* nestedFlow() {
            var anotherNestedFlow = () => { return flow(function* anotherNestedFlow() {
                this.test = 5;
                yield Promise.resolve(100);
            }).call(this); };
            this.test = 5;
            yield anotherNestedFlow();
        }).call(this); };
    }
    func() { return flow(function* func() {
        this.test = 5;
        yield Promise.resolve(100);
    }).call(this); }
    funcBound = () => { return flow(function* funcBound() {
        this.test = 5;
        yield Promise.resolve(100);
    }).call(this); };
    @randomDecorator
    funcNonBound = function (this: Test) { return flow(function* funcNonBound() {
        this.test = 5;
        yield Promise.resolve(100);
    }).call(this); };
    rawFlow = flow(function* (this: Test) {
        this.test = 5;
        yield function (input) { return flow(function* () {
            return yield Promise.resolve(input);
        }).call(this); };
        yield Promise.resolve(100);
    });
}
"
`;

exports[`Does not convert function not marked as flow 1`] = `
"export async function fn(input: string) {
    return await Promise.resolve(input);
}
export const fn2 = async (input: string) => {
    return await Promise.resolve(input);
};
export class Test {
    test: number = 0;
    constructor() {
        var nestedFlow = async () => {
            var anotherNestedFlow = async () => {
                this.test = 5;
                await Promise.resolve(100);
            };
            this.test = 5;
            await anotherNestedFlow();
        };
    }
    async func() {
        this.test = 5;
        await Promise.resolve(100);
    }
    funcBound = async () => {
        this.test = 5;
        await Promise.resolve(100);
    };
    funcNonBound = async function (this: Test) {
        this.test = 5;
        await Promise.resolve(100);
    };
}
"
`;
